IDX BOOT ID                          FIRST ENTRY                 LAST ENTRY
-19 a13608d13e9f4210950cd390697f7e3e Thu 2026-07-23 08:28:20 -03 Thu 2026-07-23 08:28:54 -03
-18 e19f471be7954e15b6493d3015bc6680 Thu 2026-07-23 08:29:17 -03 Thu 2026-07-23 11:13:19 -03
-17 28bea2f068fb4bf78bcdf9caa58aa8b7 Thu 2026-07-23 11:13:35 -03 Thu 2026-07-23 12:00:14 -03
-16 0cb363c3f5284ee29535e3fc5c79dc97 Thu 2026-07-23 12:00:29 -03 Thu 2026-07-23 12:48:39 -03
-15 5c5b9c305e5f47019cf80a9bb47c7dd1 Thu 2026-07-23 12:48:54 -03 Thu 2026-07-23 13:01:55 -03
-14 0a201c0f797641bba056d47282b225a0 Thu 2026-07-23 13:02:10 -03 Thu 2026-07-23 17:16:09 -03
-13 921ff390450d47feb39e20199305c21b Thu 2026-07-23 17:16:23 -03 Thu 2026-07-23 22:27:33 -03
-12 7281fd393b6a435a9115b60f4ef0eb5d Thu 2026-07-23 22:27:48 -03 Fri 2026-07-24 00:08:47 -03
-11 ec34a0c7af3140abadc9f001b609b745 Fri 2026-07-24 00:09:03 -03 Fri 2026-07-24 00:38:17 -03
-10 3aae254453304d508007fbd5dbfcf679 Fri 2026-07-24 00:38:32 -03 Fri 2026-07-24 13:53:55 -03
 -9 6f1b0d55e2ba4de284b140c61457d690 Fri 2026-07-24 13:54:10 -03 Sat 2026-07-25 13:32:56 -03
 -8 0d1443c39f544ddc9b0fb6983c7ce6ff Sat 2026-07-25 13:33:11 -03 Mon 2026-07-27 23:16:48 -03
 -7 97a471b4bbff40e3af5a96318505ad2a Mon 2026-07-27 23:18:30 -03 Mon 2026-07-27 23:19:39 -03
 -6 cc4fa14584314ea196e0523896cdd7bc Mon 2026-07-27 23:24:06 -03 Tue 2026-07-28 12:50:05 -03
 -5 d8bfe4644f98496da97f161f9b2df9fc Tue 2026-07-28 12:50:20 -03 Tue 2026-07-28 12:59:42 -03
 -4 765dcf0e4da843ae95709816f50ebf02 Tue 2026-07-28 12:59:58 -03 Tue 2026-07-28 15:08:21 -03
 -3 6582ebee48db4e6d802ab0448a83ee44 Tue 2026-07-28 15:23:00 -03 Tue 2026-07-28 21:19:25 -03
 -2 595fc7e001794ccaa1df6dbe35227f6b Tue 2026-07-28 21:19:41 -03 Wed 2026-07-29 13:52:36 -03
 -1 b658f73981ba414b8eba8f0771c2e928 Wed 2026-07-29 14:02:30 -03 Wed 2026-07-29 16:48:39 -03
  0 4025ef4da8b2426e8858391436556cb0 Wed 2026-07-29 16:48:55 -03 Wed 2026-07-29 19:06:51 -03
